// Jest Snapshot v1, https://goo.gl/fbAQLP

exports[`<Main /> should render the heading 1`] = `
<main
  class="styles__Wrapper-sc-dzx1ao-0 bZVPpM"
>
  <img
    class="styles__Logo-sc-dzx1ao-1"
    src=""
  />
  <h1
    class="styles__Title-sc-dzx1ao-2"
  >
    React Teste
  </h1>
  <h2
    class="styles__Description-sc-dzx1ao-3"
  >
    Bacon ipsum dolor amet fatback boudin kevin shankle tri-tip meatloaf.
  </h2>
</main>
`
